100-percent-bars
activity-maps
asset-extension
asset-extension-modeling
business-definition
capability-assessment
conversion-waterfall
customer-experience
customer-segmentation
dupont-analysis
economies-of-scale
executive-dashboard
forecasting
forecasting-techniques
free-cash-flow
growth-share-matrix
growth-spread-matrix
kpc-comb
marimekko-charts
market-definition
market-entry-exit
market-sizing
parfait-charts
partnering-maps
pest-analysis
porters-five-forces
portfolio-matrix
prioritization-funnel
products-services-differentiation
pyramid-principle
raci-analysis
reverse-costing
risk-matrix
rona-chart
root-cause-analysis
ros-rms-analysis
scatter-graphs
scenario-development
sector-charts
sensitivity-charts
share-momentum
shareholder-value
strategy-articulation
swot-analysis
traffic-lights
value-chain
value-disciplines
value-waterfall
weighted-column

strategic-competitor-analysis
