[2026-03-23 00:05:01] === 开始发布任务 ===
[2026-03-23 00:05:01] === 发布任务完成 ===
[2026-03-23 00:05:01] 本次发布: 0 成功, 0 被占用
[2026-03-23 00:05:01] 总计: 49 已发布, 1 被占用, 0 待发布
[2026-03-23 00:05:01] 🎉 所有技能发布完成！
[2026-03-23 01:05:01] === 开始发布任务 ===
[2026-03-23 01:05:02] === 发布任务完成 ===
[2026-03-23 01:05:02] 本次发布: 0 成功, 0 被占用
[2026-03-23 01:05:02] 总计: 49 已发布, 1 被占用, 0 待发布
[2026-03-23 01:05:02] 🎉 所有技能发布完成！
[2026-03-23 02:05:01] === 开始发布任务 ===
[2026-03-23 02:05:01] === 发布任务完成 ===
[2026-03-23 02:05:01] 本次发布: 0 成功, 0 被占用
[2026-03-23 02:05:01] 总计: 49 已发布, 1 被占用, 0 待发布
[2026-03-23 02:05:01] 🎉 所有技能发布完成！
[2026-03-23 03:05:01] === 开始发布任务 ===
[2026-03-23 03:05:02] === 发布任务完成 ===
[2026-03-23 03:05:02] 本次发布: 0 成功, 0 被占用
[2026-03-23 03:05:02] 总计: 49 已发布, 1 被占用, 0 待发布
[2026-03-23 03:05:02] 🎉 所有技能发布完成！
[2026-03-23 04:05:01] === 开始发布任务 ===
[2026-03-23 04:05:01] === 发布任务完成 ===
[2026-03-23 04:05:01] 本次发布: 0 成功, 0 被占用
[2026-03-23 04:05:01] 总计: 49 已发布, 1 被占用, 0 待发布
[2026-03-23 04:05:01] 🎉 所有技能发布完成！
[2026-03-23 05:05:01] === 开始发布任务 ===
[2026-03-23 05:05:01] === 发布任务完成 ===
[2026-03-23 05:05:01] 本次发布: 0 成功, 0 被占用
[2026-03-23 05:05:01] 总计: 49 已发布, 1 被占用, 0 待发布
[2026-03-23 05:05:01] 🎉 所有技能发布完成！
[2026-03-23 06:05:02] === 开始发布任务 ===
[2026-03-23 06:05:02] === 发布任务完成 ===
[2026-03-23 06:05:02] 本次发布: 0 成功, 0 被占用
[2026-03-23 06:05:02] 总计: 49 已发布, 1 被占用, 0 待发布
[2026-03-23 06:05:02] 🎉 所有技能发布完成！
[2026-03-23 07:05:01] === 开始发布任务 ===
[2026-03-23 07:05:01] === 发布任务完成 ===
[2026-03-23 07:05:01] 本次发布: 0 成功, 0 被占用
[2026-03-23 07:05:01] 总计: 49 已发布, 1 被占用, 0 待发布
[2026-03-23 07:05:01] 🎉 所有技能发布完成！
[2026-03-23 08:05:01] === 开始发布任务 ===
[2026-03-23 08:05:02] === 发布任务完成 ===
[2026-03-23 08:05:02] 本次发布: 0 成功, 0 被占用
[2026-03-23 08:05:02] 总计: 49 已发布, 1 被占用, 0 待发布
[2026-03-23 08:05:02] 🎉 所有技能发布完成！
[2026-03-23 09:05:01] === 开始发布任务 ===
[2026-03-23 09:05:01] === 发布任务完成 ===
[2026-03-23 09:05:01] 本次发布: 0 成功, 0 被占用
[2026-03-23 09:05:01] 总计: 49 已发布, 1 被占用, 0 待发布
[2026-03-23 09:05:01] 🎉 所有技能发布完成！
[2026-03-23 10:05:01] === 开始发布任务 ===
[2026-03-23 10:05:01] === 发布任务完成 ===
[2026-03-23 10:05:01] 本次发布: 0 成功, 0 被占用
[2026-03-23 10:05:01] 总计: 49 已发布, 1 被占用, 0 待发布
[2026-03-23 10:05:01] 🎉 所有技能发布完成！
[2026-03-23 11:05:01] === 开始发布任务 ===
[2026-03-23 11:05:01] === 发布任务完成 ===
[2026-03-23 11:05:01] 本次发布: 0 成功, 0 被占用
[2026-03-23 11:05:01] 总计: 49 已发布, 1 被占用, 0 待发布
[2026-03-23 11:05:01] 🎉 所有技能发布完成！
[2026-03-23 12:05:01] === 开始发布任务 ===
[2026-03-23 12:05:01] === 发布任务完成 ===
[2026-03-23 12:05:01] 本次发布: 0 成功, 0 被占用
[2026-03-23 12:05:01] 总计: 49 已发布, 1 被占用, 0 待发布
[2026-03-23 12:05:01] 🎉 所有技能发布完成！
[2026-03-23 13:05:01] === 开始发布任务 ===
[2026-03-23 13:05:02] === 发布任务完成 ===
[2026-03-23 13:05:02] 本次发布: 0 成功, 0 被占用
[2026-03-23 13:05:02] 总计: 49 已发布, 1 被占用, 0 待发布
[2026-03-23 13:05:02] 🎉 所有技能发布完成！
[2026-03-23 14:05:01] === 开始发布任务 ===
[2026-03-23 14:05:01] === 发布任务完成 ===
[2026-03-23 14:05:01] 本次发布: 0 成功, 0 被占用
[2026-03-23 14:05:01] 总计: 49 已发布, 1 被占用, 0 待发布
[2026-03-23 14:05:01] 🎉 所有技能发布完成！
[2026-03-23 15:05:01] === 开始发布任务 ===
[2026-03-23 15:05:02] === 发布任务完成 ===
[2026-03-23 15:05:02] 本次发布: 0 成功, 0 被占用
[2026-03-23 15:05:02] 总计: 49 已发布, 1 被占用, 0 待发布
[2026-03-23 15:05:02] 🎉 所有技能发布完成！
[2026-03-23 16:05:01] === 开始发布任务 ===
[2026-03-23 16:05:01] === 发布任务完成 ===
[2026-03-23 16:05:01] 本次发布: 0 成功, 0 被占用
[2026-03-23 16:05:01] 总计: 49 已发布, 1 被占用, 0 待发布
[2026-03-23 16:05:01] 🎉 所有技能发布完成！
[2026-03-23 17:05:01] === 开始发布任务 ===
[2026-03-23 17:05:01] === 发布任务完成 ===
[2026-03-23 17:05:01] 本次发布: 0 成功, 0 被占用
[2026-03-23 17:05:01] 总计: 49 已发布, 1 被占用, 0 待发布
[2026-03-23 17:05:01] 🎉 所有技能发布完成！
[2026-03-23 18:05:01] === 开始发布任务 ===
[2026-03-23 18:05:02] === 发布任务完成 ===
[2026-03-23 18:05:02] 本次发布: 0 成功, 0 被占用
[2026-03-23 18:05:02] 总计: 49 已发布, 1 被占用, 0 待发布
[2026-03-23 18:05:02] 🎉 所有技能发布完成！
[2026-03-23 19:05:01] === 开始发布任务 ===
[2026-03-23 19:05:01] === 发布任务完成 ===
[2026-03-23 19:05:01] 本次发布: 0 成功, 0 被占用
[2026-03-23 19:05:01] 总计: 49 已发布, 1 被占用, 0 待发布
[2026-03-23 19:05:01] 🎉 所有技能发布完成！
[2026-03-23 20:05:01] === 开始发布任务 ===
[2026-03-23 20:05:01] === 发布任务完成 ===
[2026-03-23 20:05:02] 本次发布: 0 成功, 0 被占用
[2026-03-23 20:05:02] 总计: 49 已发布, 1 被占用, 0 待发布
[2026-03-23 20:05:02] 🎉 所有技能发布完成！
[2026-03-23 21:05:01] === 开始发布任务 ===
[2026-03-23 21:05:01] === 发布任务完成 ===
[2026-03-23 21:05:01] 本次发布: 0 成功, 0 被占用
[2026-03-23 21:05:01] 总计: 49 已发布, 1 被占用, 0 待发布
[2026-03-23 21:05:01] 🎉 所有技能发布完成！
[2026-03-23 22:05:01] === 开始发布任务 ===
[2026-03-23 22:05:01] === 发布任务完成 ===
[2026-03-23 22:05:01] 本次发布: 0 成功, 0 被占用
[2026-03-23 22:05:01] 总计: 49 已发布, 1 被占用, 0 待发布
[2026-03-23 22:05:01] 🎉 所有技能发布完成！
[2026-03-23 23:05:01] === 开始发布任务 ===
[2026-03-23 23:05:02] === 发布任务完成 ===
[2026-03-23 23:05:02] 本次发布: 0 成功, 0 被占用
[2026-03-23 23:05:02] 总计: 49 已发布, 1 被占用, 0 待发布
[2026-03-23 23:05:02] 🎉 所有技能发布完成！
