[2026-03-24 00:05:01] === 开始发布任务 ===
[2026-03-24 00:05:01] === 发布任务完成 ===
[2026-03-24 00:05:01] 本次发布: 0 成功, 0 被占用
[2026-03-24 00:05:01] 总计: 49 已发布, 1 被占用, 0 待发布
[2026-03-24 00:05:01] 🎉 所有技能发布完成！
[2026-03-24 01:05:01] === 开始发布任务 ===
[2026-03-24 01:05:02] === 发布任务完成 ===
[2026-03-24 01:05:02] 本次发布: 0 成功, 0 被占用
[2026-03-24 01:05:02] 总计: 49 已发布, 1 被占用, 0 待发布
[2026-03-24 01:05:02] 🎉 所有技能发布完成！
[2026-03-24 02:05:01] === 开始发布任务 ===
[2026-03-24 02:05:01] === 发布任务完成 ===
[2026-03-24 02:05:01] 本次发布: 0 成功, 0 被占用
[2026-03-24 02:05:01] 总计: 49 已发布, 1 被占用, 0 待发布
[2026-03-24 02:05:01] 🎉 所有技能发布完成！
[2026-03-24 03:05:01] === 开始发布任务 ===
[2026-03-24 03:05:01] === 发布任务完成 ===
[2026-03-24 03:05:01] 本次发布: 0 成功, 0 被占用
[2026-03-24 03:05:01] 总计: 49 已发布, 1 被占用, 0 待发布
[2026-03-24 03:05:01] 🎉 所有技能发布完成！
[2026-03-24 04:05:02] === 开始发布任务 ===
[2026-03-24 04:05:02] === 发布任务完成 ===
[2026-03-24 04:05:02] 本次发布: 0 成功, 0 被占用
[2026-03-24 04:05:02] 总计: 49 已发布, 1 被占用, 0 待发布
[2026-03-24 04:05:02] 🎉 所有技能发布完成！
